// Jest Snapshot v1, https://goo.gl/fbAQLP

exports[`server Use 2 different operators on same attribute 1`] = `
Array [
  Object {
    "stringField": "Trantow",
  },
]
`;

exports[`server find: allows client to ask for __typename 1`] = `
Array [
  Object {
    "__typename": "KitchenSink",
  },
]
`;

exports[`server find: enum field = BAR 1`] = `
Array [
  Object {
    "stringField": "Trantow",
  },
  Object {
    "stringField": "BOSCO",
  },
  Object {
    "stringField": "SCHOEN",
  },
  Object {
    "stringField": "VOLUPTATUM NULLA",
  },
  Object {
    "stringField": "Wisoky",
  },
  Object {
    "stringField": "maximillia",
  },
  Object {
    "stringField": "koelpin",
  },
  Object {
    "stringField": "DELENITI SUNT",
  },
  Object {
    "stringField": "inventore velit",
  },
  Object {
    "stringField": "nakia",
  },
  Object {
    "stringField": "Nakia",
  },
  Object {
    "stringField": "sed praesentium",
  },
  Object {
    "stringField": "SHEMAR",
  },
  Object {
    "stringField": "stark",
  },
  Object {
    "stringField": "earum nesciunt",
  },
  Object {
    "stringField": "illum atque",
  },
  Object {
    "stringField": "horowitz",
  },
  Object {
    "stringField": "schowalter",
  },
  Object {
    "stringField": "MAIORES ADIPISCI",
  },
  Object {
    "stringField": "devin",
  },
  Object {
    "stringField": "AMET QUI",
  },
  Object {
    "stringField": "maiores praesentium",
  },
  Object {
    "stringField": "erling",
  },
  Object {
    "stringField": "molestiae praesentium",
  },
  Object {
    "stringField": "Okuneva",
  },
  Object {
    "stringField": "raquel",
  },
  Object {
    "stringField": "iste in",
  },
  Object {
    "stringField": "HOPPE",
  },
  Object {
    "stringField": "korey",
  },
  Object {
    "stringField": "VON",
  },
  Object {
    "stringField": "LABORE CULPA",
  },
  Object {
    "stringField": "VERITATIS EIUS",
  },
  Object {
    "stringField": "billie",
  },
  Object {
    "stringField": "winston",
  },
  Object {
    "stringField": "ipsum voluptas",
  },
  Object {
    "stringField": "dietrich",
  },
  Object {
    "stringField": "DOVIE",
  },
  Object {
    "stringField": "NUMQUAM ALIQUAM",
  },
  Object {
    "stringField": "GERLACH",
  },
  Object {
    "stringField": "ENIM DICTA",
  },
  Object {
    "stringField": "amalia",
  },
  Object {
    "stringField": "QUAS PERSPICIATIS",
  },
  Object {
    "stringField": "Williamson",
  },
  Object {
    "stringField": "Jared",
  },
  Object {
    "stringField": "QUIDEM FUGIAT",
  },
  Object {
    "stringField": "MAGNAM REICIENDIS",
  },
  Object {
    "stringField": "Block",
  },
  Object {
    "stringField": "jaskolski",
  },
  Object {
    "stringField": "Wisoky",
  },
  Object {
    "stringField": "paucek",
  },
  Object {
    "stringField": "sed quod",
  },
  Object {
    "stringField": "placeat voluptate",
  },
  Object {
    "stringField": "SIT ODIO",
  },
  Object {
    "stringField": "pagac",
  },
  Object {
    "stringField": "RICE",
  },
  Object {
    "stringField": "Mortimer",
  },
]
`;

exports[`server find: integer query: greater than 21 1`] = `
Array [
  Object {
    "stringField": "My String",
  },
  Object {
    "stringField": "Trantow",
  },
  Object {
    "stringField": "SCHOEN",
  },
  Object {
    "stringField": "Wisoky",
  },
  Object {
    "stringField": "SCHINNER",
  },
  Object {
    "stringField": "DELENITI SUNT",
  },
  Object {
    "stringField": "inventore velit",
  },
  Object {
    "stringField": "nakia",
  },
  Object {
    "stringField": "Nakia",
  },
  Object {
    "stringField": "BERENICE",
  },
  Object {
    "stringField": "stark",
  },
  Object {
    "stringField": "elda",
  },
  Object {
    "stringField": "earum nesciunt",
  },
  Object {
    "stringField": "illum atque",
  },
  Object {
    "stringField": "VELIT ADIPISCI",
  },
  Object {
    "stringField": "rerum et",
  },
  Object {
    "stringField": "KAELYN",
  },
  Object {
    "stringField": "alias sint",
  },
  Object {
    "stringField": "quia et",
  },
  Object {
    "stringField": "HOPPE",
  },
  Object {
    "stringField": "fermin",
  },
  Object {
    "stringField": "o'reilly",
  },
  Object {
    "stringField": "billie",
  },
  Object {
    "stringField": "dietrich",
  },
  Object {
    "stringField": "DOVIE",
  },
  Object {
    "stringField": "linnea",
  },
  Object {
    "stringField": "padberg",
  },
  Object {
    "stringField": "amalia",
  },
  Object {
    "stringField": "OMNIS ERROR",
  },
  Object {
    "stringField": "QUIDEM FUGIAT",
  },
  Object {
    "stringField": "MAGNAM REICIENDIS",
  },
  Object {
    "stringField": "BAUCH",
  },
  Object {
    "stringField": "Wisoky",
  },
  Object {
    "stringField": "sed quod",
  },
  Object {
    "stringField": "kuhic",
  },
]
`;

exports[`server find: integer query: greater than or equal to 21 1`] = `
Array [
  Object {
    "stringField": "My String",
  },
  Object {
    "stringField": "Trantow",
  },
  Object {
    "stringField": "SCHOEN",
  },
  Object {
    "stringField": "Wisoky",
  },
  Object {
    "stringField": "SCHINNER",
  },
  Object {
    "stringField": "DELENITI SUNT",
  },
  Object {
    "stringField": "inventore velit",
  },
  Object {
    "stringField": "nakia",
  },
  Object {
    "stringField": "Nakia",
  },
  Object {
    "stringField": "BERENICE",
  },
  Object {
    "stringField": "delfinaz",
  },
  Object {
    "stringField": "stark",
  },
  Object {
    "stringField": "elda",
  },
  Object {
    "stringField": "earum nesciunt",
  },
  Object {
    "stringField": "illum atque",
  },
  Object {
    "stringField": "VELIT ADIPISCI",
  },
  Object {
    "stringField": "rerum et",
  },
  Object {
    "stringField": "KAELYN",
  },
  Object {
    "stringField": "alias sint",
  },
  Object {
    "stringField": "quia et",
  },
  Object {
    "stringField": "HOPPE",
  },
  Object {
    "stringField": "fermin",
  },
  Object {
    "stringField": "o'reilly",
  },
  Object {
    "stringField": "billie",
  },
  Object {
    "stringField": "dietrich",
  },
  Object {
    "stringField": "DOVIE",
  },
  Object {
    "stringField": "linnea",
  },
  Object {
    "stringField": "padberg",
  },
  Object {
    "stringField": "amalia",
  },
  Object {
    "stringField": "OMNIS ERROR",
  },
  Object {
    "stringField": "QUIDEM FUGIAT",
  },
  Object {
    "stringField": "MAGNAM REICIENDIS",
  },
  Object {
    "stringField": "BAUCH",
  },
  Object {
    "stringField": "Wisoky",
  },
  Object {
    "stringField": "sed quod",
  },
  Object {
    "stringField": "kuhic",
  },
]
`;

exports[`server find: integer query: less than 21 1`] = `
Array [
  Object {
    "stringField": "BOSCO",
  },
  Object {
    "stringField": "VOLUPTATUM NULLA",
  },
  Object {
    "stringField": "maximillia",
  },
  Object {
    "stringField": "koelpin",
  },
  Object {
    "stringField": "QUAM CULPA",
  },
  Object {
    "stringField": "SCHIMMEL",
  },
  Object {
    "stringField": "Madeline",
  },
  Object {
    "stringField": "NAKIA",
  },
  Object {
    "stringField": "sed praesentium",
  },
  Object {
    "stringField": "LUEILWITZ",
  },
  Object {
    "stringField": "amber",
  },
  Object {
    "stringField": "JEROMY",
  },
  Object {
    "stringField": "RYLEIGH",
  },
  Object {
    "stringField": "SHEMAR",
  },
  Object {
    "stringField": "Wilmer",
  },
  Object {
    "stringField": "Damien",
  },
  Object {
    "stringField": "horowitz",
  },
  Object {
    "stringField": "schowalter",
  },
  Object {
    "stringField": "MAIORES ADIPISCI",
  },
  Object {
    "stringField": "devin",
  },
  Object {
    "stringField": "AMET QUI",
  },
  Object {
    "stringField": "maiores praesentium",
  },
  Object {
    "stringField": "erling",
  },
  Object {
    "stringField": "molestiae praesentium",
  },
  Object {
    "stringField": "Okuneva",
  },
  Object {
    "stringField": "hartmann",
  },
  Object {
    "stringField": "raquel",
  },
  Object {
    "stringField": "quas fugit",
  },
  Object {
    "stringField": "ODIO ID",
  },
  Object {
    "stringField": "iste in",
  },
  Object {
    "stringField": "korey",
  },
  Object {
    "stringField": "VON",
  },
  Object {
    "stringField": "neque tempore",
  },
  Object {
    "stringField": "ut consequatur",
  },
  Object {
    "stringField": "eum reiciendis",
  },
  Object {
    "stringField": "iusto perspiciatis",
  },
  Object {
    "stringField": "HAMILL",
  },
  Object {
    "stringField": "LABORE CULPA",
  },
  Object {
    "stringField": "VERITATIS EIUS",
  },
  Object {
    "stringField": "winston",
  },
  Object {
    "stringField": "HELGA",
  },
  Object {
    "stringField": "ipsum voluptas",
  },
  Object {
    "stringField": "luettgen",
  },
  Object {
    "stringField": "madison",
  },
  Object {
    "stringField": "NUMQUAM ALIQUAM",
  },
  Object {
    "stringField": "macy",
  },
  Object {
    "stringField": "GERLACH",
  },
  Object {
    "stringField": "ENIM DICTA",
  },
  Object {
    "stringField": "QUAS PERSPICIATIS",
  },
  Object {
    "stringField": "Williamson",
  },
  Object {
    "stringField": "schamberger",
  },
  Object {
    "stringField": "Jared",
  },
  Object {
    "stringField": "DESTIN",
  },
  Object {
    "stringField": "Block",
  },
  Object {
    "stringField": "jaskolski",
  },
  Object {
    "stringField": "paucek",
  },
  Object {
    "stringField": "WITTING",
  },
  Object {
    "stringField": "VOLUPTATE ATQUE",
  },
  Object {
    "stringField": "placeat voluptate",
  },
  Object {
    "stringField": "SIT ODIO",
  },
  Object {
    "stringField": "pagac",
  },
  Object {
    "stringField": "eius necessitatibus",
  },
  Object {
    "stringField": "RICE",
  },
  Object {
    "stringField": "Mortimer",
  },
  Object {
    "stringField": "EX POSSIMUS",
  },
]
`;

exports[`server find: integer query: less than or equal to 21 1`] = `
Array [
  Object {
    "stringField": "BOSCO",
  },
  Object {
    "stringField": "VOLUPTATUM NULLA",
  },
  Object {
    "stringField": "maximillia",
  },
  Object {
    "stringField": "koelpin",
  },
  Object {
    "stringField": "QUAM CULPA",
  },
  Object {
    "stringField": "SCHIMMEL",
  },
  Object {
    "stringField": "Madeline",
  },
  Object {
    "stringField": "NAKIA",
  },
  Object {
    "stringField": "sed praesentium",
  },
  Object {
    "stringField": "LUEILWITZ",
  },
  Object {
    "stringField": "amber",
  },
  Object {
    "stringField": "JEROMY",
  },
  Object {
    "stringField": "RYLEIGH",
  },
  Object {
    "stringField": "delfinaz",
  },
  Object {
    "stringField": "SHEMAR",
  },
  Object {
    "stringField": "Wilmer",
  },
  Object {
    "stringField": "Damien",
  },
  Object {
    "stringField": "horowitz",
  },
  Object {
    "stringField": "schowalter",
  },
  Object {
    "stringField": "MAIORES ADIPISCI",
  },
  Object {
    "stringField": "devin",
  },
  Object {
    "stringField": "AMET QUI",
  },
  Object {
    "stringField": "maiores praesentium",
  },
  Object {
    "stringField": "erling",
  },
  Object {
    "stringField": "molestiae praesentium",
  },
  Object {
    "stringField": "Okuneva",
  },
  Object {
    "stringField": "hartmann",
  },
  Object {
    "stringField": "raquel",
  },
  Object {
    "stringField": "quas fugit",
  },
  Object {
    "stringField": "ODIO ID",
  },
  Object {
    "stringField": "iste in",
  },
  Object {
    "stringField": "korey",
  },
  Object {
    "stringField": "VON",
  },
  Object {
    "stringField": "neque tempore",
  },
  Object {
    "stringField": "ut consequatur",
  },
  Object {
    "stringField": "eum reiciendis",
  },
  Object {
    "stringField": "iusto perspiciatis",
  },
  Object {
    "stringField": "HAMILL",
  },
  Object {
    "stringField": "LABORE CULPA",
  },
  Object {
    "stringField": "VERITATIS EIUS",
  },
  Object {
    "stringField": "winston",
  },
  Object {
    "stringField": "HELGA",
  },
  Object {
    "stringField": "ipsum voluptas",
  },
  Object {
    "stringField": "luettgen",
  },
  Object {
    "stringField": "madison",
  },
  Object {
    "stringField": "NUMQUAM ALIQUAM",
  },
  Object {
    "stringField": "macy",
  },
  Object {
    "stringField": "GERLACH",
  },
  Object {
    "stringField": "ENIM DICTA",
  },
  Object {
    "stringField": "QUAS PERSPICIATIS",
  },
  Object {
    "stringField": "Williamson",
  },
  Object {
    "stringField": "schamberger",
  },
  Object {
    "stringField": "Jared",
  },
  Object {
    "stringField": "DESTIN",
  },
  Object {
    "stringField": "Block",
  },
  Object {
    "stringField": "jaskolski",
  },
  Object {
    "stringField": "paucek",
  },
  Object {
    "stringField": "WITTING",
  },
  Object {
    "stringField": "VOLUPTATE ATQUE",
  },
  Object {
    "stringField": "placeat voluptate",
  },
  Object {
    "stringField": "SIT ODIO",
  },
  Object {
    "stringField": "pagac",
  },
  Object {
    "stringField": "eius necessitatibus",
  },
  Object {
    "stringField": "RICE",
  },
  Object {
    "stringField": "Mortimer",
  },
  Object {
    "stringField": "EX POSSIMUS",
  },
]
`;

exports[`server find: string query: contains \`A\` (upper or lower) 1`] = `
Array [
  Object {
    "stringField": "Trantow",
  },
  Object {
    "stringField": "VOLUPTATUM NULLA",
  },
  Object {
    "stringField": "maximillia",
  },
  Object {
    "stringField": "QUAM CULPA",
  },
  Object {
    "stringField": "Madeline",
  },
  Object {
    "stringField": "NAKIA",
  },
  Object {
    "stringField": "nakia",
  },
  Object {
    "stringField": "Nakia",
  },
  Object {
    "stringField": "sed praesentium",
  },
  Object {
    "stringField": "amber",
  },
  Object {
    "stringField": "delfinaz",
  },
  Object {
    "stringField": "SHEMAR",
  },
  Object {
    "stringField": "stark",
  },
  Object {
    "stringField": "elda",
  },
  Object {
    "stringField": "Damien",
  },
  Object {
    "stringField": "earum nesciunt",
  },
  Object {
    "stringField": "illum atque",
  },
  Object {
    "stringField": "schowalter",
  },
  Object {
    "stringField": "MAIORES ADIPISCI",
  },
  Object {
    "stringField": "VELIT ADIPISCI",
  },
  Object {
    "stringField": "AMET QUI",
  },
  Object {
    "stringField": "maiores praesentium",
  },
  Object {
    "stringField": "KAELYN",
  },
  Object {
    "stringField": "alias sint",
  },
  Object {
    "stringField": "molestiae praesentium",
  },
  Object {
    "stringField": "Okuneva",
  },
  Object {
    "stringField": "hartmann",
  },
  Object {
    "stringField": "raquel",
  },
  Object {
    "stringField": "quas fugit",
  },
  Object {
    "stringField": "quia et",
  },
  Object {
    "stringField": "ut consequatur",
  },
  Object {
    "stringField": "iusto perspiciatis",
  },
  Object {
    "stringField": "HAMILL",
  },
  Object {
    "stringField": "LABORE CULPA",
  },
  Object {
    "stringField": "VERITATIS EIUS",
  },
  Object {
    "stringField": "HELGA",
  },
  Object {
    "stringField": "ipsum voluptas",
  },
  Object {
    "stringField": "linnea",
  },
  Object {
    "stringField": "madison",
  },
  Object {
    "stringField": "NUMQUAM ALIQUAM",
  },
  Object {
    "stringField": "macy",
  },
  Object {
    "stringField": "GERLACH",
  },
  Object {
    "stringField": "padberg",
  },
  Object {
    "stringField": "ENIM DICTA",
  },
  Object {
    "stringField": "amalia",
  },
  Object {
    "stringField": "QUAS PERSPICIATIS",
  },
  Object {
    "stringField": "Williamson",
  },
  Object {
    "stringField": "schamberger",
  },
  Object {
    "stringField": "Jared",
  },
  Object {
    "stringField": "QUIDEM FUGIAT",
  },
  Object {
    "stringField": "MAGNAM REICIENDIS",
  },
  Object {
    "stringField": "jaskolski",
  },
  Object {
    "stringField": "BAUCH",
  },
  Object {
    "stringField": "paucek",
  },
  Object {
    "stringField": "VOLUPTATE ATQUE",
  },
  Object {
    "stringField": "placeat voluptate",
  },
  Object {
    "stringField": "pagac",
  },
  Object {
    "stringField": "eius necessitatibus",
  },
]
`;

exports[`server find: string query: contains \`a\` (upper or lower) 1`] = `
Array [
  Object {
    "stringField": "Trantow",
  },
  Object {
    "stringField": "VOLUPTATUM NULLA",
  },
  Object {
    "stringField": "maximillia",
  },
  Object {
    "stringField": "QUAM CULPA",
  },
  Object {
    "stringField": "Madeline",
  },
  Object {
    "stringField": "NAKIA",
  },
  Object {
    "stringField": "nakia",
  },
  Object {
    "stringField": "Nakia",
  },
  Object {
    "stringField": "sed praesentium",
  },
  Object {
    "stringField": "amber",
  },
  Object {
    "stringField": "delfinaz",
  },
  Object {
    "stringField": "SHEMAR",
  },
  Object {
    "stringField": "stark",
  },
  Object {
    "stringField": "elda",
  },
  Object {
    "stringField": "Damien",
  },
  Object {
    "stringField": "earum nesciunt",
  },
  Object {
    "stringField": "illum atque",
  },
  Object {
    "stringField": "schowalter",
  },
  Object {
    "stringField": "MAIORES ADIPISCI",
  },
  Object {
    "stringField": "VELIT ADIPISCI",
  },
  Object {
    "stringField": "AMET QUI",
  },
  Object {
    "stringField": "maiores praesentium",
  },
  Object {
    "stringField": "KAELYN",
  },
  Object {
    "stringField": "alias sint",
  },
  Object {
    "stringField": "molestiae praesentium",
  },
  Object {
    "stringField": "Okuneva",
  },
  Object {
    "stringField": "hartmann",
  },
  Object {
    "stringField": "raquel",
  },
  Object {
    "stringField": "quas fugit",
  },
  Object {
    "stringField": "quia et",
  },
  Object {
    "stringField": "ut consequatur",
  },
  Object {
    "stringField": "iusto perspiciatis",
  },
  Object {
    "stringField": "HAMILL",
  },
  Object {
    "stringField": "LABORE CULPA",
  },
  Object {
    "stringField": "VERITATIS EIUS",
  },
  Object {
    "stringField": "HELGA",
  },
  Object {
    "stringField": "ipsum voluptas",
  },
  Object {
    "stringField": "linnea",
  },
  Object {
    "stringField": "madison",
  },
  Object {
    "stringField": "NUMQUAM ALIQUAM",
  },
  Object {
    "stringField": "macy",
  },
  Object {
    "stringField": "GERLACH",
  },
  Object {
    "stringField": "padberg",
  },
  Object {
    "stringField": "ENIM DICTA",
  },
  Object {
    "stringField": "amalia",
  },
  Object {
    "stringField": "QUAS PERSPICIATIS",
  },
  Object {
    "stringField": "Williamson",
  },
  Object {
    "stringField": "schamberger",
  },
  Object {
    "stringField": "Jared",
  },
  Object {
    "stringField": "QUIDEM FUGIAT",
  },
  Object {
    "stringField": "MAGNAM REICIENDIS",
  },
  Object {
    "stringField": "jaskolski",
  },
  Object {
    "stringField": "BAUCH",
  },
  Object {
    "stringField": "paucek",
  },
  Object {
    "stringField": "VOLUPTATE ATQUE",
  },
  Object {
    "stringField": "placeat voluptate",
  },
  Object {
    "stringField": "pagac",
  },
  Object {
    "stringField": "eius necessitatibus",
  },
]
`;

exports[`server find: string query: ends with \`z\` (upper or lower) 1`] = `
Array [
  Object {
    "stringField": "LUEILWITZ",
  },
  Object {
    "stringField": "delfinaz",
  },
  Object {
    "stringField": "horowitz",
  },
]
`;

exports[`server find: string query: exact match (Nakia) 1`] = `
Array [
  Object {
    "stringField": "Nakia",
  },
]
`;

exports[`server find: string query: in list { devin, erling, KAELYN, raquel } 1`] = `
Array [
  Object {
    "stringField": "devin",
  },
  Object {
    "stringField": "erling",
  },
  Object {
    "stringField": "KAELYN",
  },
  Object {
    "stringField": "raquel",
  },
]
`;

exports[`server find: string query: starts with \`b\` (upper or lower) 1`] = `
Array [
  Object {
    "stringField": "BOSCO",
  },
  Object {
    "stringField": "BERENICE",
  },
  Object {
    "stringField": "billie",
  },
  Object {
    "stringField": "Block",
  },
  Object {
    "stringField": "BAUCH",
  },
]
`;

exports[`server getBindingError pulls correct info from binding error 1`] = `
Object {
  "emailField": Object {
    "isEmail": "emailField must be an email",
  },
}
`;

exports[`server queries deeply nested objects without an ID 1`] = `
Array [
  Object {
    "booleanField": true,
    "createdById": "abc123",
    "dateField": "2019-10-15T00:00:00.000Z",
    "dishes": Array [
      Object {
        "kitchenSink": Object {
          "stringField": "My String",
        },
        "name": "Dish 0",
      },
      Object {
        "kitchenSink": Object {
          "stringField": "My String",
        },
        "name": "Dish 1",
      },
      Object {
        "kitchenSink": Object {
          "stringField": "My String",
        },
        "name": "Dish 2",
      },
      Object {
        "kitchenSink": Object {
          "stringField": "My String",
        },
        "name": "Dish 3",
      },
      Object {
        "kitchenSink": Object {
          "stringField": "My String",
        },
        "name": "Dish 4",
      },
      Object {
        "kitchenSink": Object {
          "stringField": "My String",
        },
        "name": "Dish 5",
      },
      Object {
        "kitchenSink": Object {
          "stringField": "My String",
        },
        "name": "Dish 6",
      },
      Object {
        "kitchenSink": Object {
          "stringField": "My String",
        },
        "name": "Dish 7",
      },
      Object {
        "kitchenSink": Object {
          "stringField": "My String",
        },
        "name": "Dish 8",
      },
      Object {
        "kitchenSink": Object {
          "stringField": "My String",
        },
        "name": "Dish 9",
      },
      Object {
        "kitchenSink": Object {
          "stringField": "My String",
        },
        "name": "Dish 10",
      },
      Object {
        "kitchenSink": Object {
          "stringField": "My String",
        },
        "name": "Dish 11",
      },
      Object {
        "kitchenSink": Object {
          "stringField": "My String",
        },
        "name": "Dish 12",
      },
      Object {
        "kitchenSink": Object {
          "stringField": "My String",
        },
        "name": "Dish 13",
      },
      Object {
        "kitchenSink": Object {
          "stringField": "My String",
        },
        "name": "Dish 14",
      },
      Object {
        "kitchenSink": Object {
          "stringField": "My String",
        },
        "name": "Dish 15",
      },
      Object {
        "kitchenSink": Object {
          "stringField": "My String",
        },
        "name": "Dish 16",
      },
      Object {
        "kitchenSink": Object {
          "stringField": "My String",
        },
        "name": "Dish 17",
      },
      Object {
        "kitchenSink": Object {
          "stringField": "My String",
        },
        "name": "Dish 18",
      },
      Object {
        "kitchenSink": Object {
          "stringField": "My String",
        },
        "name": "Dish 19",
      },
    ],
    "emailField": "hi@warthog.com",
    "floatField": 123.456,
    "integerField": 123,
    "jsonField": Object {
      "hello": "world",
    },
    "stringField": "My String",
    "updatedById": null,
    "version": 1,
  },
]
`;

exports[`server queries for dishes with pagination 1`] = `
Array [
  Object {
    "kitchenSink": Object {
      "emailField": "hi@warthog.com",
    },
    "name": "Dish 0",
  },
]
`;
